5000.00
4000.00
3000.00
   0.00
   0.00
   0.00
   0.00
   0.00  
   0.00
-1111.11
-2222.22

