 ---------------------------
 OneDMin version 1.0
 Ahren W. Jasper, Kevin B. Moore III
 Argonne National Laboratory
 ---------------------------

 Job Parameters:
 RANSEED =    153214316
 TARGET GEOMS: NUMBER =            1 , FILE = target.xyz      
 BATH GEOMS:   NUMBER =            1 , FILE = bath.xyz        
 SAMPLES =            3
 S range =    2.0000000000000000        5.0000000000000000       A
 R range =    2.2449240966187460        5.6123102415468651       A
 Spin method =            1


 Calculating Energy at Infinite Separation...
 Energy (in Eh) will be written to zero.ene


 Calculating Sigma and Epsilon for each orientation...

 ORIENTATION           1

 Finding distance R for bottom of well [min(V(R))]
 Step          R[Ang]      V(R)[cm-1]
    1      3.88952697    -17.82888240
    2      3.89322389    -17.88547601
    3      3.89326143    -17.88616127
 Found R where V(R) is minimized!!!

 Finding distance R where V(R) = 0:
 Step          R[Ang]      V(R)[cm-1]
    1      3.48502760      2.25990340
    2      3.48579099      0.09565746
 R where V(R)=0 found!!!

 Epsilon =    17.88616127       cm-1
   Sigma =     3.48579099        Ang
 Writing values to lj.out


 ORIENTATION           2

 Finding distance R for bottom of well [min(V(R))]
 Step          R[Ang]      V(R)[cm-1]
    1      4.02371111    -14.31926753
    2      4.05564426    -15.17912991
    3      4.05873408    -15.23412180
    4      4.05876073    -15.23453435
 Found R where V(R) is minimized!!!

 Finding distance R where V(R) = 0:
 Step          R[Ang]      V(R)[cm-1]
    1      3.65202082      4.82013531
    2      3.65593771      0.43193594
    3      3.65597991      0.00455566
 R where V(R)=0 found!!!

 Epsilon =    15.23453435       cm-1
   Sigma =     3.65597991        Ang
 Writing values to lj.out


 ORIENTATION           3

 Finding distance R for bottom of well [min(V(R))]
 Step          R[Ang]      V(R)[cm-1]
    1      3.90323629    -17.70480083
    2      3.90486305    -17.73086712
    3      3.90487028    -17.73099682
 Found R where V(R) is minimized!!!

 Finding distance R where V(R) = 0:
 Step          R[Ang]      V(R)[cm-1]
    1      3.49689202      2.47153518
    2      3.49780770      0.11397513
 R where V(R)=0 found!!!

 Epsilon =    17.73099682       cm-1
   Sigma =     3.49780770        Ang
 Writing values to lj.out


 Finished sampling desired number of orientatoons
 Exiting OneDMin...
